// Jest Snapshot v1, https://goo.gl/fbAQLP

exports[`renders the error page correctly 1`] = `"<div><h1>Whoops! Something has gone wrong</h1><p>We don&#x27;t have access to energy generation mix data at this time. Please check back later.</p></div>"`;
